../Src/main.c:102:24:get_micros64	32	static
../Src/main.c:108:6:App_TraceSwitchedIn	4	static
../Src/main.c:112:6:App_TraceSwitchedOut	16	static
../Src/main.c:122:6:CalibrateWorkload	88	static
../Src/main.c:135:6:HAL_UART_TxCpltCallback	24	static,ignoring_inline_asm
../Src/main.c:150:6:PeriodicTask	152	static
../Src/main.c:194:6:MonitorTask	264	static
../Src/main.c:245:5:main	48	static
../Src/main.c:362:6:SystemClock_Config	72	static
../Src/main.c:401:13:MX_USART1_UART_Init	8	static
../Src/main.c:434:13:MX_GPIO_Init	16	static
../Src/main.c:459:6:StartDefaultTask	16	static
../Src/main.c:478:6:HAL_TIM_PeriodElapsedCallback	16	static
../Src/main.c:496:6:Error_Handler	4	static,ignoring_inline_asm
