../Src/main.c:104:24:get_micros64	48	static
../Src/main.c:121:6:App_TraceSwitchedIn	4	static
../Src/main.c:125:6:App_TraceSwitchedOut	16	static
../Src/main.c:135:6:CalibrateWorkload	88	static
../Src/main.c:148:6:HAL_UART_TxCpltCallback	24	static,ignoring_inline_asm
../Src/main.c:164:6:PeriodicTask	152	static
../Src/main.c:218:6:MonitorTask	296	static
../Src/main.c:270:5:main	48	static
../Src/main.c:387:6:SystemClock_Config	72	static
../Src/main.c:426:13:MX_USART1_UART_Init	8	static
../Src/main.c:459:13:MX_GPIO_Init	16	static
../Src/main.c:484:6:StartDefaultTask	16	static
../Src/main.c:503:6:HAL_TIM_PeriodElapsedCallback	16	static
../Src/main.c:521:6:Error_Handler	4	static,ignoring_inline_asm
